// Jest Snapshot v1, https://goo.gl/fbAQLP

exports[`App renders without crashing 1`] = `
ShallowWrapper {
  "length": 1,
  Symbol(enzyme.__root__): [Circular],
  Symbol(enzyme.__unrendered__): <App />,
  Symbol(enzyme.__renderer__): Object {
    "batchedUpdates": [Function],
    "getNode": [Function],
    "render": [Function],
    "simulateEvent": [Function],
    "unmount": [Function],
  },
  Symbol(enzyme.__node__): Object {
    "instance": null,
    "key": undefined,
    "nodeType": "class",
    "props": Object {
      "children": <div
        className="app"
      >
        <Sidebar />
        <section
          className="app-content"
        >
          <Route
            component={[Function]}
            path="/todos/:id?"
          />
        </section>
      </div>,
    },
    "ref": null,
    "rendered": Object {
      "instance": null,
      "key": undefined,
      "nodeType": "host",
      "props": Object {
        "children": Array [
          <Sidebar />,
          <section
            className="app-content"
          >
            <Route
              component={[Function]}
              path="/todos/:id?"
            />
          </section>,
        ],
        "className": "app",
      },
      "ref": null,
      "rendered": Array [
        Object {
          "instance": null,
          "key": undefined,
          "nodeType": "function",
          "props": Object {},
          "ref": null,
          "rendered": null,
          "type": [Function],
        },
        Object {
          "instance": null,
          "key": undefined,
          "nodeType": "host",
          "props": Object {
            "children": Array [
              <Route
                component={[Function]}
                path="/todos/:id?"
              />,
            ],
            "className": "app-content",
          },
          "ref": null,
          "rendered": Array [
            Object {
              "instance": null,
              "key": "0",
              "nodeType": "class",
              "props": Object {
                "component": [Function],
                "path": "/todos/:id?",
              },
              "ref": null,
              "rendered": null,
              "type": [Function],
            },
          ],
          "type": "section",
        },
      ],
      "type": "div",
    },
    "type": [Function],
  },
  Symbol(enzyme.__nodes__): Array [
    Object {
      "instance": null,
      "key": undefined,
      "nodeType": "class",
      "props": Object {
        "children": <div
          className="app"
        >
          <Sidebar />
          <section
            className="app-content"
          >
            <Route
              component={[Function]}
              path="/todos/:id?"
            />
          </section>
        </div>,
      },
      "ref": null,
      "rendered": Object {
        "instance": null,
        "key": undefined,
        "nodeType": "host",
        "props": Object {
          "children": Array [
            <Sidebar />,
            <section
              className="app-content"
            >
              <Route
                component={[Function]}
                path="/todos/:id?"
              />
            </section>,
          ],
          "className": "app",
        },
        "ref": null,
        "rendered": Array [
          Object {
            "instance": null,
            "key": undefined,
            "nodeType": "function",
            "props": Object {},
            "ref": null,
            "rendered": null,
            "type": [Function],
          },
          Object {
            "instance": null,
            "key": undefined,
            "nodeType": "host",
            "props": Object {
              "children": Array [
                <Route
                  component={[Function]}
                  path="/todos/:id?"
                />,
              ],
              "className": "app-content",
            },
            "ref": null,
            "rendered": Array [
              Object {
                "instance": null,
                "key": "0",
                "nodeType": "class",
                "props": Object {
                  "component": [Function],
                  "path": "/todos/:id?",
                },
                "ref": null,
                "rendered": null,
                "type": [Function],
              },
            ],
            "type": "section",
          },
        ],
        "type": "div",
      },
      "type": [Function],
    },
  ],
  Symbol(enzyme.__options__): Object {
    "adapter": ReactSixteenAdapter {
      "options": Object {
        "enableComponentDidUpdateOnSetState": true,
      },
    },
  },
}
`;
