// Jest Snapshot v1, https://goo.gl/fbAQLP

exports[`ToDoPage renders without crashing 1`] = `null`;
